     1                                  %include "macros.asm"
     1                              <1> %macro mPrintf 0
     2                              <1>     sub     rsp,8
     3                              <1>     call    printf
     4                              <1>     add     rsp,8
     5                              <1> %endmacro
     6                              <1> 
     7                              <1> %macro mPuts 1
     8                              <1>     mov     rdi,%1
     9                              <1>     sub     rsp,8
    10                              <1>     call    puts
    11                              <1>     add     rsp,8
    12                              <1> %endmacro
    13                              <1> 
    14                              <1> %macro mGets 1
    15                              <1>     mov     rdi,%1
    16                              <1>     sub     rsp,8
    17                              <1>     call    gets
    18                              <1>     add     rsp,8
    19                              <1> %endmacro
    20                              <1> 
    21                              <1> %macro mSscanf 3
    22                              <1>     mov     rdi,%1
    23                              <1>     mov     rsi,%2
    24                              <1>     mov     rdx,%3
    25                              <1>     sub     rsp,8
    26                              <1>     call    sscanf
    27                              <1>     add     rsp,8
    28                              <1> %endmacro
    29                              <1> 
    30                              <1> %macro mSscanf2 4
    31                              <1>     mov     rdi,%1
    32                              <1>     mov     rsi,%2
    33                              <1>     mov     rdx,%3
    34                              <1>     mov     rcx,%4
    35                              <1>     sub     rsp,8
    36                              <1>     call    sscanf
    37                              <1>     add     rsp,8
    38                              <1> %endmacro
    39                              <1> 
    40                              <1> %macro mImprimirNumeroFila 0
    41                              <1>     sub     rsp,8
    42                              <1>     call    imprimirNumeroFila
    43                              <1>     add     rsp,8
    44                              <1> %endmacro
    45                              <1> 
    46                              <1> %macro mPrintMatriz 1
    47                              <1>     mov     rdi,%1
    48                              <1>     sub     rsp,8
    49                              <1>     call    printMatriz
    50                              <1>     add     rsp,8
    51                              <1> %endmacro
    52                              <1> 
    53                              <1> %macro mHayEspacioLibre? 2
    54                              <1>     mov    rdx,%1
    55                              <1>     imul   rdx,7
    56                              <1>     mov    rax,%2
    57                              <1>     cmp    byte[matriz+rdx+rax]," "
    58                              <1> %endmacro
    59                              <1> 
    60                              <1> %macro mFopen 2
    61                              <1>     mov     rdi,%1
    62                              <1>     mov     rsi,%2
    63                              <1>     sub     rsp,8
    64                              <1>     call    fopen
    65                              <1>     add     rsp,8
    66                              <1> %endmacro
    67                              <1> 
    68                              <1> %macro mFclose 1
    69                              <1>     mov     rdi,%1
    70                              <1>     sub     rsp,8
    71                              <1>     call    fclose
    72                              <1>     add     rsp,8
    73                              <1> %endmacro
    74                              <1> 
    75                              <1> %macro mFwrite 4
    76                              <1>     mov     rdi,%1
    77                              <1>     mov     rsi,%2
    78                              <1>     mov     rdx,%3
    79                              <1>     mov     rcx,%4
    80                              <1>     sub     rsp,8
    81                              <1>     call    fwrite
    82                              <1>     add     rsp,8
    83                              <1> %endmacro
    84                              <1> 
    85                              <1> %macro mFread 4
    86                              <1>     mov     rdi,%1
    87                              <1>     mov     rsi,%2
    88                              <1>     mov     rdx,%3
    89                              <1>     mov     rcx,%4
    90                              <1>     sub     rsp,8
    91                              <1>     call    fread
    92                              <1>     add     rsp,8
    93                              <1> %endmacro
    94                              <1> 
    95                              <1> extern  printf
    96                              <1> extern  puts
    97                              <1> extern  gets
    98                              <1> extern  sscanf
    99                              <1> extern  fopen
   100                              <1> extern  fclose
   101                              <1> extern  fwrite
   102                              <1> extern  fread
     2                                  
     3                                  global printMatriz
     4                                  
     5                                  section .data
     6 00000000 0A00                        saltoLinea db 10,0
     7 00000002 5B25635D00                  formatChar db "[%c]",0
     8 00000007 20202000                    espacios db "   ",0
     9 0000000B 202020202000                cuatroEspacios db "     ",0
    10 00000011 257300                      cadena db "%s",0
    11 00000014 2025642000                  formatNumero db " %d ",0
    12 00000019 207C2000                    pipe db " | ",0
    13 0000001D 20762000                    vCorta db " v ",0
    14 00000021 0100000000000000            nFila dq 1
    15 00000029 25642D2D2D3E00              txtFila db "%d--->",0
    16                                  section .bss
    17                                      
    18                                  section .text
    19                                  
    20                                  printMatriz:
    21 00000000 4989FF                      mov     r15,rdi ;r15 es la direccion de la matriz
    22 00000003 41BC00000000                mov     r12,0 ;indice de la r15
    23 00000009 41BD01000000                mov     r13,1 ;indice de la columna para salto de linea
    24                                      mPuts   espacios
     8 0000000F 48BF-               <1>  mov rdi,%1
     8 00000011 [0700000000000000]  <1>
     9 00000019 4883EC08            <1>  sub rsp,8
    10 0000001D E8(00000000)        <1>  call puts
    11 00000022 4883C408            <1>  add rsp,8
    25 00000026 4883EC08                    sub     rsp,8
    26 0000002A E8CF000000                  call    ponerNumerosColumnas
    27 0000002F 4883C408                    add     rsp,8
    28                                      mImprimirNumeroFila
    41 00000033 4883EC08            <1>  sub rsp,8
    42 00000037 E8E1010000          <1>  call imprimirNumeroFila
    43 0000003C 4883C408            <1>  add rsp,8
    29                                  inicio:
    30 00000040 43803C27FF                  cmp     byte[r15+r12],-1
    31 00000045 7451                        je      imprimirEspacios
    32 00000047 48BF-                       mov     rdi,formatChar
    32 00000049 [0200000000000000] 
    33 00000051 4B8B3427                    mov     rsi,[r15+r12]
    34                                      mPrintf
     2 00000055 4883EC08            <1>  sub rsp,8
     3 00000059 E8(00000000)        <1>  call printf
     4 0000005E 4883C408            <1>  add rsp,8
    35                                  continuar:
    36 00000062 4983FD07                    cmp     r13,7  ;me fijo si estoy en la ultima columna e imprimo un salto de linea
    37 00000066 7453                        je      imprimirSalto
    38 00000068 49FFC5                      inc     r13
    39 0000006B 49FFC4                      inc     r12
    40 0000006E 4983FC31                    cmp     r12,49
    41 00000072 75CC                        jne     inicio
    42 00000074 48C70425[21000000]-         mov     qword[nFila],1
    42 0000007C 01000000           
    43                                      mPuts   espacios
     8 00000080 48BF-               <1>  mov rdi,%1
     8 00000082 [0700000000000000]  <1>
     9 0000008A 4883EC08            <1>  sub rsp,8
    10 0000008E E8(00000000)        <1>  call puts
    11 00000093 4883C408            <1>  add rsp,8
    44 00000097 C3                          ret
    45                                  
    46                                  imprimirEspacios:
    47 00000098 48BF-                       mov     rdi,cadena
    47 0000009A [1100000000000000] 
    48 000000A2 48BE-                       mov     rsi,espacios
    48 000000A4 [0700000000000000] 
    49                                      mPrintf
     2 000000AC 4883EC08            <1>  sub rsp,8
     3 000000B0 E8(00000000)        <1>  call printf
     4 000000B5 4883C408            <1>  add rsp,8
    50 000000B9 EBA7                        jmp     continuar
    51                                  
    52                                  imprimirSalto:
    53 000000BB 48BF-                       mov     rdi,cadena
    53 000000BD [1100000000000000] 
    54 000000C5 48BE-                       mov     rsi,saltoLinea
    54 000000C7 [0000000000000000] 
    55                                      mPrintf 
     2 000000CF 4883EC08            <1>  sub rsp,8
     3 000000D3 E8(00000000)        <1>  call printf
     4 000000D8 4883C408            <1>  add rsp,8
    56 000000DC 41BD00000000                mov     r13,0
    57 000000E2 4983FC30                    cmp     r12,48
    58 000000E6 0F8476FFFFFF                je      continuar
    59                                      mImprimirNumeroFila
    41 000000EC 4883EC08            <1>  sub rsp,8
    42 000000F0 E828010000          <1>  call imprimirNumeroFila
    43 000000F5 4883C408            <1>  add rsp,8
    60 000000F9 E964FFFFFF                  jmp     continuar
    61                                  
    62                                  ponerNumerosColumnas:
    63 000000FE 48BF-                       mov    rdi,cadena
    63 00000100 [1100000000000000] 
    64 00000108 48BE-                       mov    rsi,cuatroEspacios
    64 0000010A [0B00000000000000] 
    65                                      mPrintf
     2 00000112 4883EC08            <1>  sub rsp,8
     3 00000116 E8(00000000)        <1>  call printf
     4 0000011B 4883C408            <1>  add rsp,8
    66 0000011F 41BB00000000                mov    r11,0
    67                                  aca:
    68 00000125 49FFC3                      inc    r11
    69 00000128 48BF-                       mov    rdi,formatNumero
    69 0000012A [1400000000000000] 
    70 00000132 4C89DE                      mov    rsi,r11
    71                                      mPrintf
     2 00000135 4883EC08            <1>  sub rsp,8
     3 00000139 E8(00000000)        <1>  call printf
     4 0000013E 4883C408            <1>  add rsp,8
    72 00000142 4983FB07                    cmp    r11,7
    73 00000146 7CDD                        jl     aca
    74 00000148 48BF-                       mov    rdi,cadena
    74 0000014A [1100000000000000] 
    75 00000152 48BE-                       mov    rsi,saltoLinea
    75 00000154 [0000000000000000] 
    76                                      mPrintf
     2 0000015C 4883EC08            <1>  sub rsp,8
     3 00000160 E8(00000000)        <1>  call printf
     4 00000165 4883C408            <1>  add rsp,8
    77                                  
    78 00000169 48BF-                       mov    rdi,cadena
    78 0000016B [1100000000000000] 
    79 00000173 48BE-                       mov    rsi,cuatroEspacios
    79 00000175 [0B00000000000000] 
    80                                      mPrintf
     2 0000017D 4883EC08            <1>  sub rsp,8
     3 00000181 E8(00000000)        <1>  call printf
     4 00000186 4883C408            <1>  add rsp,8
    81 0000018A 41BB00000000                mov    r11,0
    82                                  pipeLoop:
    83 00000190 49FFC3                      inc    r11
    84 00000193 48BF-                       mov    rdi,pipe
    84 00000195 [1900000000000000] 
    85 0000019D 4C89DE                      mov    rsi,r11
    86                                      mPrintf
     2 000001A0 4883EC08            <1>  sub rsp,8
     3 000001A4 E8(00000000)        <1>  call printf
     4 000001A9 4883C408            <1>  add rsp,8
    87 000001AD 4983FB07                    cmp    r11,7
    88 000001B1 7CDD                        jl     pipeLoop
    89 000001B3 48BF-                       mov    rdi,cadena
    89 000001B5 [1100000000000000] 
    90 000001BD 48BE-                       mov    rsi,saltoLinea
    90 000001BF [0000000000000000] 
    91                                      mPrintf 
     2 000001C7 4883EC08            <1>  sub rsp,8
     3 000001CB E8(00000000)        <1>  call printf
     4 000001D0 4883C408            <1>  add rsp,8
    92                                  
    93 000001D4 48BF-                       mov    rdi,cadena
    93 000001D6 [1100000000000000] 
    94 000001DE 48BE-                       mov    rsi,cuatroEspacios
    94 000001E0 [0B00000000000000] 
    95                                      mPrintf
     2 000001E8 4883EC08            <1>  sub rsp,8
     3 000001EC E8(00000000)        <1>  call printf
     4 000001F1 4883C408            <1>  add rsp,8
    96 000001F5 41BB00000000                mov    r11,0
    97                                  
    98 000001FB 48BF-                       mov    rdi,cadena
    98 000001FD [1100000000000000] 
    99 00000205 48BE-                       mov    rsi,saltoLinea
    99 00000207 [0000000000000000] 
   100                                      mPrintf 
     2 0000020F 4883EC08            <1>  sub rsp,8
     3 00000213 E8(00000000)        <1>  call printf
     4 00000218 4883C408            <1>  add rsp,8
   101 0000021C C3                          ret
   102                                  
   103                                  imprimirNumeroFila:
   104 0000021D 48BF-                       mov     rdi,txtFila
   104 0000021F [2900000000000000] 
   105 00000227 488B3425[21000000]          mov     rsi,[nFila]
   106                                      mPrintf
     2 0000022F 4883EC08            <1>  sub rsp,8
     3 00000233 E8(00000000)        <1>  call printf
     4 00000238 4883C408            <1>  add rsp,8
   107 0000023C 48FF0425[21000000]          inc     qword[nFila]
   108 00000244 C3                          ret
